t tests/unit/ --tb\=short -q
